0x0F08D810  0x00000E01
0x01082210  0x00000001
0x4f000000  0x00000000  0x00000000
0x4f000000  0x00000000  0x00000000
0x4f000000  0x00000000  0x00000000
0x4f000000  0x00000000  0x00000000
0x4f000000  0x00000000  0x00000000
0x01082210  0x00000000
0x0F03E02C  0x00000000
0x0F03E030  0x00de9000
0x0F03E034  0xE35E3030
0x0f03E038  0x84980159
0x0F03E03C  0xC0006F00
0x0F03E03C  0x80006F00
0x0f03E040  0x22022202
0x0f03E044  0x33043304
0x0f03E048  0x33043304
0x0f03E04C  0x220400C0
0x0f0010b0  0x20181022
0x0f0010b4  0x16303702
0x08001030  0x603fffff
0x0f001000  0x1C80C383
0x08001004  0x10000000
0x03001030  0x6000B861
0x08001030  0x6000B861
0x08001030  0x2000B861
0x08001030  0x0000B861
0x4f000000  0x00000000  0x00000000
0x4f000000  0x00000000  0x00000000
0x4f000000  0x00000000  0x00000000
0x4f000000  0x00000000  0x00000000
0x4f000000  0x00000000  0x00000000
0x08001030  0x4000B861
0x4f000000  0x00000000  0x00000000
0x4f000000  0x00000000  0x00000000
0x4f000000  0x00000000  0x00000000
0x4f000000  0x00000000  0x00000000
0x4f000000  0x00000000  0x00000000
0x08001030  0x6000B861
0x01001004  0x8011101C
0x2f082200  0x00000000  0x00000000
0x2f0C0000  0x00000000  0x00000000
0x2f040000  0x00000000  0x00000000
0x2f01D140  0x00000000  0x00000000
0x01001004  0x8011102C
0x2f004000  0x00000000  0x00000000
0x01001004  0x8011100C
0x2f0026a0  0x00000000  0x00000000
0x2f0026a0  0x00000000  0x00000000
0x01001004  0x80111014
0x2f0026a0  0x00000000  0x00000000
0x01001004  0x80111024
0x2f0026a0  0x00000000  0x00000000
0x01001004  0x80111000
0x0f001000  0x31a0703d
0x0f001004  0x0c13c100
0x0f001008  0xffff04e4
0x03001030  0x00004800
0x0f00100c  0x06000018
0x0f001010  0xFEBF4555
0x0f001014  0xffffffff
0x0f001018  0xffffffff
0x0f00101c  0xffffffff
0x0f001020  0xffffffff
0x0f001024  0xffffffff
0x0f001028  0xffffffff
0x0f00102c  0xffffffff
0x02001034  0x00FF8000
0x04001034  0x00FF8000
0x0f001038  0x88880f00
0x0f00103c  0xffffffff
0x02001078  0x00FF8000
0x04001078  0x00FF8000
0x0f00107c  0x88880f00
0x0f001080  0xffffffff
0x02001094  0x00FF8000
0x04001094  0x00FF8000
0x0f001098  0x88880f00
0x0f00109c  0xffffffff
0x020010A0  0x00FF8000
0x040010A0  0x00FF8000
0x0f0010A4  0x88880f00
0x0f0010A8  0xffffffff
0x020010E0  0x00FF8000
0x040010E0  0x00FF8000
0x0f0010E4  0x88880f00
0x0f0010E8  0xffffffff
0x020010EC  0x00FF8000
0x040010EC  0x00FF8000
0x0f0010F0  0x88880f00
0x0f0010F4  0xffffffff
0x020010F8  0x00FF8000
0x040010F8  0x00FF8000
0x0f0010FC  0x88880f00
0x0f001104  0xffffffff
0x02001108  0x00FF8000
0x04001108  0x00FF8000
0x0f00110C  0x88880f00
0x0f001110  0xffffffff
0x4f000000  0x00000000  0x00000000
0x4f000000  0x00000000  0x00000000
0x4f000000  0x00000000  0x00000000
0x4f000000  0x00000000  0x00000000
0x4f000000  0x00000000  0x00000000
0xdeaddead  0xdeaddead
